mode: set
github.com/BryceWayne/GhostMe-web/cmd/server/main.go:18.35,21.61 2 0
github.com/BryceWayne/GhostMe-web/cmd/server/main.go:21.61,24.3 2 0
github.com/BryceWayne/GhostMe-web/cmd/server/main.go:24.8,26.3 1 0
github.com/BryceWayne/GhostMe-web/cmd/server/main.go:28.2,29.21 2 0
github.com/BryceWayne/GhostMe-web/cmd/server/main.go:29.21,32.3 2 0
github.com/BryceWayne/GhostMe-web/cmd/server/main.go:34.2,37.16 3 0
github.com/BryceWayne/GhostMe-web/cmd/server/main.go:37.16,39.3 1 0
github.com/BryceWayne/GhostMe-web/cmd/server/main.go:40.2,40.12 1 0
github.com/BryceWayne/GhostMe-web/cmd/server/main.go:43.13,48.16 4 0
github.com/BryceWayne/GhostMe-web/cmd/server/main.go:48.16,50.3 1 0
github.com/BryceWayne/GhostMe-web/cmd/server/main.go:52.2,54.21 3 0
github.com/BryceWayne/GhostMe-web/cmd/server/main.go:54.21,57.3 2 0
github.com/BryceWayne/GhostMe-web/cmd/server/main.go:57.8,60.3 2 0
github.com/BryceWayne/GhostMe-web/cmd/server/main.go:61.2,69.16 6 0
github.com/BryceWayne/GhostMe-web/cmd/server/main.go:69.16,71.3 1 0
github.com/BryceWayne/GhostMe-web/cmd/server/main.go:72.2,72.35 1 0
github.com/BryceWayne/GhostMe-web/internal/auth/auth.go:21.72,23.16 2 0
github.com/BryceWayne/GhostMe-web/internal/auth/auth.go:23.16,25.3 1 0
github.com/BryceWayne/GhostMe-web/internal/auth/auth.go:26.2,26.47 1 0
github.com/BryceWayne/GhostMe-web/internal/auth/auth.go:30.100,32.2 1 0
github.com/BryceWayne/GhostMe-web/cmd/server/main.go:18.35,21.61 2 0
github.com/BryceWayne/GhostMe-web/cmd/server/main.go:21.61,24.3 2 0
github.com/BryceWayne/GhostMe-web/cmd/server/main.go:24.8,26.3 1 0
github.com/BryceWayne/GhostMe-web/cmd/server/main.go:28.2,29.21 2 0
github.com/BryceWayne/GhostMe-web/cmd/server/main.go:29.21,32.3 2 0
github.com/BryceWayne/GhostMe-web/cmd/server/main.go:34.2,37.16 3 0
github.com/BryceWayne/GhostMe-web/cmd/server/main.go:37.16,39.3 1 0
github.com/BryceWayne/GhostMe-web/cmd/server/main.go:40.2,40.12 1 0
github.com/BryceWayne/GhostMe-web/cmd/server/main.go:43.13,48.16 4 0
github.com/BryceWayne/GhostMe-web/cmd/server/main.go:48.16,50.3 1 0
github.com/BryceWayne/GhostMe-web/cmd/server/main.go:52.2,54.21 3 0
github.com/BryceWayne/GhostMe-web/cmd/server/main.go:54.21,57.3 2 0
github.com/BryceWayne/GhostMe-web/cmd/server/main.go:57.8,60.3 2 0
github.com/BryceWayne/GhostMe-web/cmd/server/main.go:61.2,69.16 6 0
github.com/BryceWayne/GhostMe-web/cmd/server/main.go:69.16,71.3 1 0
github.com/BryceWayne/GhostMe-web/cmd/server/main.go:72.2,72.35 1 0
github.com/BryceWayne/GhostMe-web/internal/api/routes.go:16.77,25.46 5 0
github.com/BryceWayne/GhostMe-web/internal/api/routes.go:25.46,31.44 3 0
github.com/BryceWayne/GhostMe-web/internal/api/routes.go:31.44,34.4 2 0
github.com/BryceWayne/GhostMe-web/internal/api/routes.go:36.3,37.17 2 0
github.com/BryceWayne/GhostMe-web/internal/api/routes.go:37.17,39.4 1 0
github.com/BryceWayne/GhostMe-web/internal/api/routes.go:42.3,43.46 2 0
github.com/BryceWayne/GhostMe-web/internal/api/routes.go:43.46,45.4 1 0
github.com/BryceWayne/GhostMe-web/internal/api/routes.go:48.3,56.31 2 0
github.com/BryceWayne/GhostMe-web/internal/api/routes.go:61.5,61.45 1 0
github.com/BryceWayne/GhostMe-web/internal/api/routes.go:61.45,66.24 2 0
github.com/BryceWayne/GhostMe-web/internal/api/routes.go:66.24,68.57 2 0
github.com/BryceWayne/GhostMe-web/internal/api/routes.go:68.57,73.31 3 0
github.com/BryceWayne/GhostMe-web/internal/api/routes.go:73.31,75.78 1 0
github.com/BryceWayne/GhostMe-web/internal/api/routes.go:75.78,77.22 1 0
github.com/BryceWayne/GhostMe-web/internal/api/routes.go:78.23,80.18 1 0
github.com/BryceWayne/GhostMe-web/internal/api/routes.go:85.9,85.24 1 0
github.com/BryceWayne/GhostMe-web/internal/api/routes.go:85.24,87.10 1 0
github.com/BryceWayne/GhostMe-web/internal/api/routes.go:89.9,91.44 2 0
github.com/BryceWayne/GhostMe-web/internal/api/routes.go:91.44,93.10 1 0
github.com/BryceWayne/GhostMe-web/internal/api/routes.go:94.9,94.40 1 0
github.com/BryceWayne/GhostMe-web/internal/api/routes.go:98.2,101.40 2 0
github.com/BryceWayne/GhostMe-web/internal/api/routes.go:101.40,103.3 1 0
github.com/BryceWayne/GhostMe-web/internal/api/routes.go:105.2,105.12 1 0
github.com/BryceWayne/GhostMe-web/internal/auth/auth.go:21.72,23.16 2 0
github.com/BryceWayne/GhostMe-web/internal/auth/auth.go:23.16,25.3 1 0
github.com/BryceWayne/GhostMe-web/internal/auth/auth.go:26.2,26.47 1 0
github.com/BryceWayne/GhostMe-web/internal/auth/auth.go:30.100,32.2 1 0
github.com/BryceWayne/GhostMe-web/internal/chat/server.go:28.80,37.2 1 0
github.com/BryceWayne/GhostMe-web/internal/chat/server.go:39.27,42.16 2 0
github.com/BryceWayne/GhostMe-web/internal/chat/server.go:42.16,44.3 1 0
github.com/BryceWayne/GhostMe-web/internal/chat/server.go:47.2,47.12 1 0
github.com/BryceWayne/GhostMe-web/internal/chat/server.go:47.12,48.30 1 0
github.com/BryceWayne/GhostMe-web/internal/chat/server.go:48.30,50.4 1 0
github.com/BryceWayne/GhostMe-web/internal/chat/server.go:54.2,54.6 1 0
github.com/BryceWayne/GhostMe-web/internal/chat/server.go:54.6,55.10 1 0
github.com/BryceWayne/GhostMe-web/internal/chat/server.go:56.35,59.18 1 0
github.com/BryceWayne/GhostMe-web/internal/chat/server.go:60.37,63.24 3 0
github.com/BryceWayne/GhostMe-web/internal/chat/server.go:68.55,71.39 3 0
github.com/BryceWayne/GhostMe-web/internal/chat/server.go:71.39,72.56 1 0
github.com/BryceWayne/GhostMe-web/internal/chat/server.go:72.56,77.4 3 0
github.com/BryceWayne/GhostMe-web/internal/chat/server.go:81.53,83.9 2 0
github.com/BryceWayne/GhostMe-web/internal/chat/server.go:83.9,88.3 3 0
github.com/BryceWayne/GhostMe-web/internal/chat/server.go:90.2,101.15 6 0
github.com/BryceWayne/GhostMe-web/internal/chat/server.go:101.15,104.3 2 0
github.com/BryceWayne/GhostMe-web/internal/chat/server.go:108.2,110.6 2 0
github.com/BryceWayne/GhostMe-web/internal/chat/server.go:110.6,115.40 3 0
github.com/BryceWayne/GhostMe-web/internal/chat/server.go:115.40,116.9 1 0
github.com/BryceWayne/GhostMe-web/internal/chat/server.go:120.3,120.38 1 0
github.com/BryceWayne/GhostMe-web/internal/chat/server.go:120.38,121.12 1 0
github.com/BryceWayne/GhostMe-web/internal/chat/server.go:125.3,138.18 5 0
github.com/BryceWayne/GhostMe-web/internal/chat/server.go:138.18,139.54 1 0
github.com/BryceWayne/GhostMe-web/internal/chat/server.go:139.54,140.13 1 0
github.com/BryceWayne/GhostMe-web/internal/chat/server.go:142.9,145.4 1 0
github.com/BryceWayne/GhostMe-web/internal/chat/server.go:147.3,147.39 1 0
github.com/BryceWayne/GhostMe-web/internal/models/models.go:13.25,15.2 1 1
github.com/BryceWayne/GhostMe-web/internal/models/models.go:18.27,20.2 1 1
github.com/BryceWayne/GhostMe-web/cmd/server/main.go:18.35,21.61 2 0
github.com/BryceWayne/GhostMe-web/cmd/server/main.go:21.61,24.3 2 0
github.com/BryceWayne/GhostMe-web/cmd/server/main.go:24.8,26.3 1 0
github.com/BryceWayne/GhostMe-web/cmd/server/main.go:28.2,29.21 2 0
github.com/BryceWayne/GhostMe-web/cmd/server/main.go:29.21,32.3 2 0
github.com/BryceWayne/GhostMe-web/cmd/server/main.go:34.2,37.16 3 0
github.com/BryceWayne/GhostMe-web/cmd/server/main.go:37.16,39.3 1 0
github.com/BryceWayne/GhostMe-web/cmd/server/main.go:40.2,40.12 1 0
github.com/BryceWayne/GhostMe-web/cmd/server/main.go:43.13,48.16 4 0
github.com/BryceWayne/GhostMe-web/cmd/server/main.go:48.16,50.3 1 0
github.com/BryceWayne/GhostMe-web/cmd/server/main.go:52.2,54.21 3 0
github.com/BryceWayne/GhostMe-web/cmd/server/main.go:54.21,57.3 2 0
github.com/BryceWayne/GhostMe-web/cmd/server/main.go:57.8,60.3 2 0
github.com/BryceWayne/GhostMe-web/cmd/server/main.go:61.2,69.16 6 0
github.com/BryceWayne/GhostMe-web/cmd/server/main.go:69.16,71.3 1 0
github.com/BryceWayne/GhostMe-web/cmd/server/main.go:72.2,72.35 1 0
github.com/BryceWayne/GhostMe-web/internal/api/routes.go:16.77,25.46 5 0
github.com/BryceWayne/GhostMe-web/internal/api/routes.go:25.46,31.44 3 0
github.com/BryceWayne/GhostMe-web/internal/api/routes.go:31.44,34.4 2 0
github.com/BryceWayne/GhostMe-web/internal/api/routes.go:36.3,37.17 2 0
github.com/BryceWayne/GhostMe-web/internal/api/routes.go:37.17,39.4 1 0
github.com/BryceWayne/GhostMe-web/internal/api/routes.go:42.3,43.46 2 0
github.com/BryceWayne/GhostMe-web/internal/api/routes.go:43.46,45.4 1 0
github.com/BryceWayne/GhostMe-web/internal/api/routes.go:48.3,56.31 2 0
github.com/BryceWayne/GhostMe-web/internal/api/routes.go:61.5,61.45 1 0
github.com/BryceWayne/GhostMe-web/internal/api/routes.go:61.45,66.24 2 0
github.com/BryceWayne/GhostMe-web/internal/api/routes.go:66.24,68.57 2 0
github.com/BryceWayne/GhostMe-web/internal/api/routes.go:68.57,73.31 3 0
github.com/BryceWayne/GhostMe-web/internal/api/routes.go:73.31,75.78 1 0
github.com/BryceWayne/GhostMe-web/internal/api/routes.go:75.78,77.22 1 0
github.com/BryceWayne/GhostMe-web/internal/api/routes.go:78.23,80.18 1 0
github.com/BryceWayne/GhostMe-web/internal/api/routes.go:85.9,85.24 1 0
github.com/BryceWayne/GhostMe-web/internal/api/routes.go:85.24,87.10 1 0
github.com/BryceWayne/GhostMe-web/internal/api/routes.go:89.9,91.44 2 0
github.com/BryceWayne/GhostMe-web/internal/api/routes.go:91.44,93.10 1 0
github.com/BryceWayne/GhostMe-web/internal/api/routes.go:94.9,94.40 1 0
github.com/BryceWayne/GhostMe-web/internal/api/routes.go:98.2,101.40 2 0
github.com/BryceWayne/GhostMe-web/internal/api/routes.go:101.40,103.3 1 0
github.com/BryceWayne/GhostMe-web/internal/api/routes.go:105.2,105.12 1 0
github.com/BryceWayne/GhostMe-web/internal/auth/auth.go:21.72,23.16 2 0
github.com/BryceWayne/GhostMe-web/internal/auth/auth.go:23.16,25.3 1 0
github.com/BryceWayne/GhostMe-web/internal/auth/auth.go:26.2,26.47 1 0
github.com/BryceWayne/GhostMe-web/internal/auth/auth.go:30.100,32.2 1 0
github.com/BryceWayne/GhostMe-web/internal/chat/server.go:28.80,37.2 1 1
github.com/BryceWayne/GhostMe-web/internal/chat/server.go:39.27,42.16 2 1
github.com/BryceWayne/GhostMe-web/internal/chat/server.go:42.16,44.3 1 0
github.com/BryceWayne/GhostMe-web/internal/chat/server.go:47.2,47.12 1 1
github.com/BryceWayne/GhostMe-web/internal/chat/server.go:47.12,48.30 1 1
github.com/BryceWayne/GhostMe-web/internal/chat/server.go:48.30,50.4 1 1
github.com/BryceWayne/GhostMe-web/internal/chat/server.go:54.2,54.6 1 1
github.com/BryceWayne/GhostMe-web/internal/chat/server.go:54.6,55.10 1 1
github.com/BryceWayne/GhostMe-web/internal/chat/server.go:56.35,59.18 1 0
github.com/BryceWayne/GhostMe-web/internal/chat/server.go:60.37,63.24 3 0
github.com/BryceWayne/GhostMe-web/internal/chat/server.go:68.55,71.39 3 1
github.com/BryceWayne/GhostMe-web/internal/chat/server.go:71.39,72.56 1 0
github.com/BryceWayne/GhostMe-web/internal/chat/server.go:72.56,77.4 3 0
github.com/BryceWayne/GhostMe-web/internal/chat/server.go:81.53,83.9 2 0
github.com/BryceWayne/GhostMe-web/internal/chat/server.go:83.9,88.3 3 0
github.com/BryceWayne/GhostMe-web/internal/chat/server.go:90.2,101.15 6 0
github.com/BryceWayne/GhostMe-web/internal/chat/server.go:101.15,104.3 2 0
github.com/BryceWayne/GhostMe-web/internal/chat/server.go:108.2,110.6 2 0
github.com/BryceWayne/GhostMe-web/internal/chat/server.go:110.6,115.40 3 0
github.com/BryceWayne/GhostMe-web/internal/chat/server.go:115.40,116.9 1 0
github.com/BryceWayne/GhostMe-web/internal/chat/server.go:120.3,120.38 1 0
github.com/BryceWayne/GhostMe-web/internal/chat/server.go:120.38,121.12 1 0
github.com/BryceWayne/GhostMe-web/internal/chat/server.go:125.3,138.18 5 0
github.com/BryceWayne/GhostMe-web/internal/chat/server.go:138.18,139.54 1 0
github.com/BryceWayne/GhostMe-web/internal/chat/server.go:139.54,140.13 1 0
github.com/BryceWayne/GhostMe-web/internal/chat/server.go:142.9,145.4 1 0
github.com/BryceWayne/GhostMe-web/internal/chat/server.go:147.3,147.39 1 0
github.com/BryceWayne/GhostMe-web/internal/models/models.go:13.25,15.2 1 0
github.com/BryceWayne/GhostMe-web/internal/models/models.go:18.27,20.2 1 0
github.com/BryceWayne/GhostMe-web/cmd/server/main.go:18.35,21.61 2 0
github.com/BryceWayne/GhostMe-web/cmd/server/main.go:21.61,24.3 2 0
github.com/BryceWayne/GhostMe-web/cmd/server/main.go:24.8,26.3 1 0
github.com/BryceWayne/GhostMe-web/cmd/server/main.go:28.2,29.21 2 0
github.com/BryceWayne/GhostMe-web/cmd/server/main.go:29.21,32.3 2 0
github.com/BryceWayne/GhostMe-web/cmd/server/main.go:34.2,37.16 3 0
github.com/BryceWayne/GhostMe-web/cmd/server/main.go:37.16,39.3 1 0
github.com/BryceWayne/GhostMe-web/cmd/server/main.go:40.2,40.12 1 0
github.com/BryceWayne/GhostMe-web/cmd/server/main.go:43.13,48.16 4 0
github.com/BryceWayne/GhostMe-web/cmd/server/main.go:48.16,50.3 1 0
github.com/BryceWayne/GhostMe-web/cmd/server/main.go:52.2,54.21 3 0
github.com/BryceWayne/GhostMe-web/cmd/server/main.go:54.21,57.3 2 0
github.com/BryceWayne/GhostMe-web/cmd/server/main.go:57.8,60.3 2 0
github.com/BryceWayne/GhostMe-web/cmd/server/main.go:61.2,69.16 6 0
github.com/BryceWayne/GhostMe-web/cmd/server/main.go:69.16,71.3 1 0
github.com/BryceWayne/GhostMe-web/cmd/server/main.go:72.2,72.35 1 0
github.com/BryceWayne/GhostMe-web/internal/api/routes.go:16.77,25.46 5 1
github.com/BryceWayne/GhostMe-web/internal/api/routes.go:25.46,31.44 3 1
github.com/BryceWayne/GhostMe-web/internal/api/routes.go:31.44,34.4 2 0
github.com/BryceWayne/GhostMe-web/internal/api/routes.go:36.3,37.17 2 1
github.com/BryceWayne/GhostMe-web/internal/api/routes.go:37.17,39.4 1 1
github.com/BryceWayne/GhostMe-web/internal/api/routes.go:42.3,43.46 2 1
github.com/BryceWayne/GhostMe-web/internal/api/routes.go:43.46,45.4 1 1
github.com/BryceWayne/GhostMe-web/internal/api/routes.go:48.3,56.31 2 1
github.com/BryceWayne/GhostMe-web/internal/api/routes.go:61.5,61.45 1 1
github.com/BryceWayne/GhostMe-web/internal/api/routes.go:61.45,66.24 2 1
github.com/BryceWayne/GhostMe-web/internal/api/routes.go:66.24,68.57 2 1
github.com/BryceWayne/GhostMe-web/internal/api/routes.go:68.57,73.31 3 0
github.com/BryceWayne/GhostMe-web/internal/api/routes.go:73.31,75.78 1 0
github.com/BryceWayne/GhostMe-web/internal/api/routes.go:75.78,77.22 1 0
github.com/BryceWayne/GhostMe-web/internal/api/routes.go:78.23,80.18 1 0
github.com/BryceWayne/GhostMe-web/internal/api/routes.go:85.9,85.24 1 1
github.com/BryceWayne/GhostMe-web/internal/api/routes.go:85.24,87.10 1 1
github.com/BryceWayne/GhostMe-web/internal/api/routes.go:89.9,91.44 2 1
github.com/BryceWayne/GhostMe-web/internal/api/routes.go:91.44,93.10 1 1
github.com/BryceWayne/GhostMe-web/internal/api/routes.go:94.9,94.40 1 0
github.com/BryceWayne/GhostMe-web/internal/api/routes.go:98.2,101.40 2 1
github.com/BryceWayne/GhostMe-web/internal/api/routes.go:101.40,103.3 1 1
github.com/BryceWayne/GhostMe-web/internal/api/routes.go:105.2,105.12 1 1
github.com/BryceWayne/GhostMe-web/internal/auth/auth.go:21.72,23.16 2 0
github.com/BryceWayne/GhostMe-web/internal/auth/auth.go:23.16,25.3 1 0
github.com/BryceWayne/GhostMe-web/internal/auth/auth.go:26.2,26.47 1 0
github.com/BryceWayne/GhostMe-web/internal/auth/auth.go:30.100,32.2 1 0
github.com/BryceWayne/GhostMe-web/internal/chat/server.go:28.80,37.2 1 1
github.com/BryceWayne/GhostMe-web/internal/chat/server.go:39.27,42.16 2 1
github.com/BryceWayne/GhostMe-web/internal/chat/server.go:42.16,44.3 1 0
github.com/BryceWayne/GhostMe-web/internal/chat/server.go:47.2,47.12 1 1
github.com/BryceWayne/GhostMe-web/internal/chat/server.go:47.12,48.30 1 1
github.com/BryceWayne/GhostMe-web/internal/chat/server.go:48.30,50.4 1 1
github.com/BryceWayne/GhostMe-web/internal/chat/server.go:54.2,54.6 1 1
github.com/BryceWayne/GhostMe-web/internal/chat/server.go:54.6,55.10 1 1
github.com/BryceWayne/GhostMe-web/internal/chat/server.go:56.35,59.18 1 1
github.com/BryceWayne/GhostMe-web/internal/chat/server.go:60.37,63.24 3 1
github.com/BryceWayne/GhostMe-web/internal/chat/server.go:68.55,71.39 3 1
github.com/BryceWayne/GhostMe-web/internal/chat/server.go:71.39,72.56 1 1
github.com/BryceWayne/GhostMe-web/internal/chat/server.go:72.56,77.4 3 1
github.com/BryceWayne/GhostMe-web/internal/chat/server.go:81.53,83.9 2 1
github.com/BryceWayne/GhostMe-web/internal/chat/server.go:83.9,88.3 3 0
github.com/BryceWayne/GhostMe-web/internal/chat/server.go:90.2,101.15 6 1
github.com/BryceWayne/GhostMe-web/internal/chat/server.go:101.15,104.3 2 1
github.com/BryceWayne/GhostMe-web/internal/chat/server.go:108.2,110.6 2 1
github.com/BryceWayne/GhostMe-web/internal/chat/server.go:110.6,115.40 3 1
github.com/BryceWayne/GhostMe-web/internal/chat/server.go:115.40,116.9 1 1
github.com/BryceWayne/GhostMe-web/internal/chat/server.go:120.3,120.38 1 1
github.com/BryceWayne/GhostMe-web/internal/chat/server.go:120.38,121.12 1 0
github.com/BryceWayne/GhostMe-web/internal/chat/server.go:125.3,138.18 5 1
github.com/BryceWayne/GhostMe-web/internal/chat/server.go:138.18,139.54 1 1
github.com/BryceWayne/GhostMe-web/internal/chat/server.go:139.54,140.13 1 0
github.com/BryceWayne/GhostMe-web/internal/chat/server.go:142.9,145.4 1 0
github.com/BryceWayne/GhostMe-web/internal/chat/server.go:147.3,147.39 1 1
github.com/BryceWayne/GhostMe-web/internal/models/models.go:13.25,15.2 1 1
github.com/BryceWayne/GhostMe-web/internal/models/models.go:18.27,20.2 1 1
